     1                                  ;; jump.asm
     2                                  extern printf
     3                                  section .data
     4 00000000 2800000000000000        	number1	dq	40
     5 00000008 2A00000000000000        	number2	dq	42
     6 00000010 4E756D62657231203E-     	fmt1	db	"Number1 > = number2",10,0
     6 00000019 203D206E756D626572-
     6 00000022 320A00             
     7 00000025 4E756D62657231203C-     	fmt2	db	"Number1 < number2",10,0
     7 0000002E 206E756D626572320A-
     7 00000037 00                 
     8                                  section .bss
     9                                  section .text
    10                                  	global main
    11                                  main:
    12 00000000 55                      	  push	rbp		; Prologue
    13 00000001 4889E5                  	  mov	rbp, rsp	; Function.
    14                                  	
    15 00000004 488B0425[00000000]      	  mov	rax, [number1]	; number1 -> rax.
    16 0000000C 488B1C25[08000000]      	  mov	rbx, [number2]	; number2 -> rbx.
    17 00000014 4839D8                  	  cmp	rax, rbx	; cmp rax with rbx.
    18 00000017 7D16                    	  jge	greater		; if rax >= rbx, then jump to greater.
    19 00000019 48BF-                   	  mov	rdi, fmt2	; if rax < rbx, then continue...
    19 0000001B [2500000000000000] 
    20 00000023 B800000000              	  mov	rax, 0		; xmm does NOT use.
    21 00000028 E8(00000000)            	  call	printf		; print fmt2 string.
    22 0000002D EB14                    	  jmp	exit		; go exit after.
    23                                  greater:
    24 0000002F 48BF-                   	  mov	rdi, fmt1	; rax greater rbx.
    24 00000031 [1000000000000000] 
    25 00000039 B800000000              	  mov	rax, 0		; xmm does NOT use.
    26 0000003E E8(00000000)            	  call	printf
    27                                  exit:	
    28 00000043 4889EC                  	  mov	rsp, rbp
    29 00000046 5D                      	  pop	rbp
    30 00000047 C3                      	  ret
