     1                                  ;; circle.asm
     2                                  extern	pi
     3                                  section	.data
     4                                  section	.bss
     5                                  section	.text
     6                                  ;--------------------------------------
     7                                  global	c_area
     8                                  c_area:
     9                                  	section	.text
    10                                  	
    11 00000000 55                      	push	rbp
    12 00000001 4889E5                  	mov	rbp, rsp
    13                                  
    14 00000004 F20F100C25-             	movsd	xmm1, qword [pi]
    14 00000009 [00000000]         
    15 0000000D F20F59C0                	mulsd	xmm0, xmm0		; radius in register xmm0.
    16 00000011 F20F59C1                	mulsd	xmm0, xmm1
    17                                  
    18 00000015 4889EC                  	mov	rsp, rbp
    19 00000018 5D                      	pop	rbp
    20 00000019 C3                      	ret
    21                                  ;--------------------------------------
    22                                  global c_circum
    23                                  c_circum:
    24                                  	section	.text
    25                                  
    26 0000001A 55                      	push	rbp
    27 0000001B 4889E5                  	mov	rbp, rsp
    28                                  
    29 0000001E F20F100C25-             	movsd	xmm1, qword [pi]
    29 00000023 [00000000]         
    30 00000027 F20F58C0                	addsd	xmm0, xmm0		; radius in register xmm0.
    31 0000002B F20F59C1                	mulsd	xmm0, xmm1
    32                                  
    33 0000002F 4889EC                  	mov	rsp, rbp
    34 00000032 5D                      	pop	rbp
    35 00000033 C3                      	ret
