     1                                  ;; rect.asm
     2                                  section	.data
     3                                  section	.bss
     4                                  section	.text
     5                                  ;--------------------------------------
     6                                  global  r_area
     7                                  
     8                                  r_area:
     9                                  	section	.text
    10                                  	
    11 00000000 55                      	push	rbp
    12 00000001 4889E5                  	mov	rbp, rsp
    13                                  
    14 00000004 4889F0                  	mov	rax, rsi
    15 00000007 480FAFC7                	imul	rax, rdi
    16                                  	
    17 0000000B 4889EC                  	mov	rsp, rbp
    18 0000000E 5D                      	pop	rbp
    19 0000000F C3                      	ret
    20                                  ;--------------------------------------
    21                                  global	r_circum
    22                                  
    23                                  r_circum:
    24                                  	section	.text
    25                                  
    26 00000010 55                      	push	rbp
    27 00000011 4889E5                  	mov	rbp, rsp
    28                                  
    29 00000014 4889F0                  	mov	rax, rsi
    30 00000017 4801F8                  	add	rax, rdi
    31 0000001A 4801C0                  	add	rax, rax
    32                                  
    33 0000001D 4889EC                  	mov	rsp, rbp
    34 00000020 5D                      	pop	rbp
    35 00000021 C3                      	ret
