     1                                  ;;alive.asm
     2                                  section .data
     3 00000000 48656C6C6F2C20576F-     	msg1	db	"Hello, World!",10,0	  ; String with NL - code and 0.
     3 00000009 726C64210A00       
     4                                  	msg1Len 	equ	$-msg1-1	  ; Compute string above lenght.
     5 0000000F 416C69766520616E64-     	msg2	db	"Alive and Kicking!",10,0 ; String with NL - code and 0.
     5 00000018 204B69636B696E6721-
     5 00000021 0A00               
     6                                  	msg2Len		equ	$-msg2-1	  ; Compute string above lenght.
     7 00000023 6501000000000000        	radius	dq	357			  ; qword radius = 357.
     8 0000002B 4AD8124DFB210940        	pi	dq	3.1415926		  ; qword pi = 3.1415926.
     9                                  section .bss
    10                                  section .text
    11                                  	global main
    12                                  main:
    13 00000000 55                      	push	rbp				  ; Prologue of function.	
    14 00000001 4889E5                  	mov	rbp, rsp			  ; Prologue of function.
    15                                  	
    16 00000004 B801000000              	mov	rax, 1				  ; 1 = write.
    17 00000009 BF01000000              	mov	rdi, 1				  ; 1 = stdout.
    18 0000000E 48BE-                   	mov	rsi, msg1			  ; msg1 string.
    18 00000010 [0000000000000000] 
    19 00000018 BA0E000000              	mov     rdx, msg1Len			  ; Lenght of msg1.
    20 0000001D 0F05                    	syscall					  ; Write.
    21                                  
    22 0000001F B801000000              	mov	rax, 1				  ; 1 = write.      	
    23 00000024 BF01000000              	mov	rdi, 1                            ; 1 = stdout.
    24 00000029 48BE-                   	mov	rsi, msg2                         ; msg2 string.
    24 0000002B [0F00000000000000] 
    25 00000033 BA13000000              	mov	rdx, msg2Len                      ; Lenght of msg2.
    26 00000038 0F05                    	syscall					  ; Write.
    27                                  
    28 0000003A 4889EC                  	mov	rsp, rbp			  ; Epilogue of function.
    29 0000003D 5D                      	pop	rbp				  ; Epilogue of function.
    30                                  	
    31 0000003E B83C000000              	mov	rax, 60				  ; 60 = exit.
    32 00000043 BF00000000              	mov	rdi, 0				  ; 0 = return success finish.
    33 00000048 0F05                    	syscall					  ; Exit.
